// Jest Snapshot v1, https://goo.gl/fbAQLP

exports[`writeFile generate dynamic page imports 1`] = `
"// Auto-generated file created by next-modal-pages-loader
// Do not edit.
//
import dynamic from 'next/dynamic';
import Loader from './components/loaders/loader';

const PageRoutes = new Map();

// Src/File
const SrcFile = dynamic(() => import('./src/file1'), { loading: () => <Loader /> });
PageRoutes.set(/(\\\\/.\\\\/src\\\\/file1\\\\/?$)/, <SrcFile />);

// Src/Sub/File
const SrcSubFile = dynamic(() => import('./src/sub/file2'), { loading: () => <Loader /> });
PageRoutes.set(/(\\\\/.\\\\/src\\\\/sub\\\\/file2\\\\/?$)/, <SrcSubFile />);

// Parent/File
const ParentFile = dynamic(() => import('./parent/file3'), { loading: () => <Loader /> });
PageRoutes.set(/(\\\\/.\\\\/parent\\\\/file3\\\\/?$)/, <ParentFile />);

// Writer/Sub/File
const WriterSubFile = dynamic(() => import('./src/writer/sub/file4'), { loading: () => <Loader /> });
PageRoutes.set(/(\\\\/.\\\\/src\\\\/writer\\\\/sub\\\\/file4\\\\/?$)/, <WriterSubFile />);

// Sub/Sub/File
const SubSubFile = dynamic(() => import('./src/writer/sub/sub/file5'), { loading: () => <Loader /> });
PageRoutes.set(/(\\\\/.\\\\/src\\\\/writer\\\\/sub\\\\/sub\\\\/file5\\\\/?$)/, <SubSubFile />);

export default PageRoutes;
"
`;

exports[`writeFile should generate dummy routes map if no pages were found 1`] = `
"// Auto-generated file created by next-modal-pages-loader
// Do not edit.
//
import dynamic from 'next/dynamic';
import Loader from './components/loaders/loader';

const PageRoutes = new Map();


export default PageRoutes;
"
`;
